clusterRootURL: ""
github:
  organisation: ""
  outputPath: ""
  repository: ""
  team: ""
metadata:
  accountID: ""
  environment: ""
  name: ""
  region: ""
